map testmap3.txt loaded
Human0 created
Tower0 created
update
Human0 moves
Tower0 shoots Human0
Human0 damage 20
haze is turned on
cut is turned on
update
Human0 moves
update
Human0 moves
Tower0 shoots Human0
Human0 damage 0
Human0 cut in half
Human1 created
VEGE
