map testmap4.txt loaded
Elf0 created
Human0 created
Dwarf0 created
update
Elf0 moves
Elf0 crossroad
Human0 moves
Human0 crossroad
Dwarf0 moves
Dwarf0 crossroad
update
Elf0 moves
Human0 moves
Dwarf0 moves
	0	1	2	3	4	5
0	x	x	x	x	x	x
1	x	x	ho	r	r	x
2	en	r	r	hu	r	ex
3	x	x	el	r	r	x
4	x	x	x	x	x	x