map testmap2.txt loaded
Obstacle0 created
IntensityGem0 created
Hobbit0 created
update
Hobbit0 moves
Obstacle0 slows Hobbit0 by 1
Obstacle0 worn out
update
update
Hobbit0 moves
update
Hobbit0 reached Mount Doom
VEGE
